2023-05-16 23:05:63 INFO  MyAccountPage :59 - Clicking on my QA account tab : [[ChromeDriver: chrome on WINDOWS (660571cf0f3f2d38be35a3428e74d357)] -> xpath: //span[contains(text(),'My Account')]]
2023-05-16 23:05:864 INFO  AccountLoginPage :42 - Getting returning customer text : [[ChromeDriver: chrome on WINDOWS (660571cf0f3f2d38be35a3428e74d357)] -> xpath: //div[@id='content']/div/div[2]//h2]
2023-05-16 23:05:996 INFO  MyAccountPage :59 - Clicking on my QA account tab : [[ChromeDriver: chrome on WINDOWS (dc97743fa1505817d86a2e3a377de84a)] -> xpath: //span[contains(text(),'My Account')]]
2023-05-16 23:05:711 INFO  AccountLoginPage :56 - Entering email address : [[ChromeDriver: chrome on WINDOWS (dc97743fa1505817d86a2e3a377de84a)] -> id: input-email]
2023-05-16 23:05:882 INFO  AccountLoginPage :63 - Entering password : [[ChromeDriver: chrome on WINDOWS (dc97743fa1505817d86a2e3a377de84a)] -> id: input-password]
2023-05-16 23:05:246 INFO  AccountLoginPage :70 - Clicking on login button : [[ChromeDriver: chrome on WINDOWS (dc97743fa1505817d86a2e3a377de84a)] -> xpath: //form[contains(@action,'login')]//input[@type='submit']]
2023-05-16 23:05:319 INFO  MyAccountPage :59 - Clicking on my QA account tab : [[ChromeDriver: chrome on WINDOWS (dc97743fa1505817d86a2e3a377de84a)] -> xpath: //span[contains(text(),'My Account')]]
2023-05-16 23:05:151 INFO  MyAccountPage :43 - Getting account logout text : [[ChromeDriver: chrome on WINDOWS (dc97743fa1505817d86a2e3a377de84a)] -> xpath: //h1[contains(text(),'Account Logout')]]
2023-05-16 23:05:134 INFO  MyAccountPage :59 - Clicking on my QA account tab : [[ChromeDriver: chrome on WINDOWS (7145cbf0c95c8ef461502a47d6ec4a46)] -> xpath: //span[contains(text(),'My Account')]]
2023-05-16 23:05:977 INFO  MyAccountPage :72 - Selecting my account options : [[[ChromeDriver: chrome on WINDOWS (7145cbf0c95c8ef461502a47d6ec4a46)] -> xpath: //div[@id='top-links']//li[contains(@class,'open')]/ul/li], [[ChromeDriver: chrome on WINDOWS (7145cbf0c95c8ef461502a47d6ec4a46)] -> xpath: //div[@id='top-links']//li[contains(@class,'open')]/ul/li]]
2023-05-16 23:05:14 INFO  AccountRegisterPage :64 - Getting register account text : [[ChromeDriver: chrome on WINDOWS (7145cbf0c95c8ef461502a47d6ec4a46)] -> xpath: //h1[contains(text(),'Register Account')]]
2023-05-16 23:05:871 INFO  MyAccountPage :59 - Clicking on my QA account tab : [[ChromeDriver: chrome on WINDOWS (41e5f981998e5d86e2cbbf0d8bd9ba14)] -> xpath: //span[contains(text(),'My Account')]]
2023-05-16 23:05:678 INFO  MyAccountPage :72 - Selecting my account options : [[[ChromeDriver: chrome on WINDOWS (41e5f981998e5d86e2cbbf0d8bd9ba14)] -> xpath: //div[@id='top-links']//li[contains(@class,'open')]/ul/li], [[ChromeDriver: chrome on WINDOWS (41e5f981998e5d86e2cbbf0d8bd9ba14)] -> xpath: //div[@id='top-links']//li[contains(@class,'open')]/ul/li]]
2023-05-16 23:05:817 INFO  AccountRegisterPage :70 - Entering first name : [[ChromeDriver: chrome on WINDOWS (41e5f981998e5d86e2cbbf0d8bd9ba14)] -> id: input-firstname]
2023-05-16 23:05:962 INFO  AccountRegisterPage :76 - Entering last name : [[ChromeDriver: chrome on WINDOWS (41e5f981998e5d86e2cbbf0d8bd9ba14)] -> id: input-lastname]
2023-05-16 23:05:130 INFO  AccountRegisterPage :82 - Entering email : [[ChromeDriver: chrome on WINDOWS (41e5f981998e5d86e2cbbf0d8bd9ba14)] -> id: input-email]
2023-05-16 23:05:263 INFO  AccountRegisterPage :88 - Entering telephone : [[ChromeDriver: chrome on WINDOWS (41e5f981998e5d86e2cbbf0d8bd9ba14)] -> id: input-telephone]
2023-05-16 23:05:375 INFO  AccountRegisterPage :94 - Entering password : [[ChromeDriver: chrome on WINDOWS (41e5f981998e5d86e2cbbf0d8bd9ba14)] -> id: input-password]
2023-05-16 23:05:507 INFO  AccountRegisterPage :100 - Entering confirm password : [[ChromeDriver: chrome on WINDOWS (41e5f981998e5d86e2cbbf0d8bd9ba14)] -> id: input-confirm]
2023-05-16 23:05:569 INFO  AccountRegisterPage :112 - Selecting subscription : [[[ChromeDriver: chrome on WINDOWS (41e5f981998e5d86e2cbbf0d8bd9ba14)] -> xpath: //fieldset[3]//input], [[ChromeDriver: chrome on WINDOWS (41e5f981998e5d86e2cbbf0d8bd9ba14)] -> xpath: //fieldset[3]//input]]
2023-05-16 23:05:668 INFO  AccountRegisterPage :119 - Clicking privacy policy checkbox : [[ChromeDriver: chrome on WINDOWS (41e5f981998e5d86e2cbbf0d8bd9ba14)] -> xpath: //div[@class = 'buttons']//input[@name='agree']]
2023-05-16 23:05:965 INFO  AccountRegisterPage :125 - Clicking on continue button : [[ChromeDriver: chrome on WINDOWS (41e5f981998e5d86e2cbbf0d8bd9ba14)] -> xpath: //div[@class = 'buttons']//input[@value='Continue']]
2023-05-16 23:05:09 INFO  MyAccountPage :48 - Getting account has been created text : [[ChromeDriver: chrome on WINDOWS (41e5f981998e5d86e2cbbf0d8bd9ba14)] -> xpath: //h1[contains(text(),'Your Account Has Been Created!')]]
2023-05-16 23:05:496 INFO  MyAccountPage :54 - Clicking on continue : [[ChromeDriver: chrome on WINDOWS (41e5f981998e5d86e2cbbf0d8bd9ba14)] -> xpath: //a[contains(text(),'Continue')]]
2023-05-16 23:05:573 INFO  MyAccountPage :59 - Clicking on my QA account tab : [[ChromeDriver: chrome on WINDOWS (41e5f981998e5d86e2cbbf0d8bd9ba14)] -> xpath: //span[contains(text(),'My Account')]]
2023-05-16 23:05:371 INFO  MyAccountPage :43 - Getting account logout text : [[ChromeDriver: chrome on WINDOWS (41e5f981998e5d86e2cbbf0d8bd9ba14)] -> xpath: //h1[contains(text(),'Account Logout')]]
2023-05-16 23:05:880 INFO  MyAccountPage :54 - Clicking on continue : [[ChromeDriver: chrome on WINDOWS (41e5f981998e5d86e2cbbf0d8bd9ba14)] -> xpath: //a[contains(text(),'Continue')]]
2023-05-16 23:05:987 INFO  HomePage :89 - Selecting currency : [[ChromeDriver: chrome on WINDOWS (ad4772d7dd28eb017a2c5c4d0a914aca)] -> xpath: //span[contains(text(),'Currency')]]
2023-05-16 23:05:205 INFO  HomePage :65 - Mouse hovering on desktops link and click : [[ChromeDriver: chrome on WINDOWS (ad4772d7dd28eb017a2c5c4d0a914aca)] -> link text: Desktops]
2023-05-16 23:05:869 INFO  HomePage :59 - Selecting menu : [[[ChromeDriver: chrome on WINDOWS (ad4772d7dd28eb017a2c5c4d0a914aca)] -> xpath: //nav[@id='menu']//ul/li[contains(@class, 'open')]/div/child::*], [[ChromeDriver: chrome on WINDOWS (ad4772d7dd28eb017a2c5c4d0a914aca)] -> xpath: //nav[@id='menu']//ul/li[contains(@class, 'open')]/div/child::*]]
2023-05-16 23:05:415 INFO  DesktopPage :79 - selecting sort by option : [[ChromeDriver: chrome on WINDOWS (ad4772d7dd28eb017a2c5c4d0a914aca)] -> id: input-sort]
2023-05-16 23:05:691 INFO  DesktopPage :71 - Verifying sorted elements in reverse order : [[[ChromeDriver: chrome on WINDOWS (ad4772d7dd28eb017a2c5c4d0a914aca)] -> xpath: //h4/a], [[ChromeDriver: chrome on WINDOWS (ad4772d7dd28eb017a2c5c4d0a914aca)] -> xpath: //h4/a], [[ChromeDriver: chrome on WINDOWS (ad4772d7dd28eb017a2c5c4d0a914aca)] -> xpath: //h4/a], [[ChromeDriver: chrome on WINDOWS (ad4772d7dd28eb017a2c5c4d0a914aca)] -> xpath: //h4/a], [[ChromeDriver: chrome on WINDOWS (ad4772d7dd28eb017a2c5c4d0a914aca)] -> xpath: //h4/a], [[ChromeDriver: chrome on WINDOWS (ad4772d7dd28eb017a2c5c4d0a914aca)] -> xpath: //h4/a], [[ChromeDriver: chrome on WINDOWS (ad4772d7dd28eb017a2c5c4d0a914aca)] -> xpath: //h4/a], [[ChromeDriver: chrome on WINDOWS (ad4772d7dd28eb017a2c5c4d0a914aca)] -> xpath: //h4/a], [[ChromeDriver: chrome on WINDOWS (ad4772d7dd28eb017a2c5c4d0a914aca)] -> xpath: //h4/a], [[ChromeDriver: chrome on WINDOWS (ad4772d7dd28eb017a2c5c4d0a914aca)] -> xpath: //h4/a], [[ChromeDriver: chrome on WINDOWS (ad4772d7dd28eb017a2c5c4d0a914aca)] -> xpath: //h4/a], [[ChromeDriver: chrome on WINDOWS (ad4772d7dd28eb017a2c5c4d0a914aca)] -> xpath: //h4/a]]
2023-05-16 23:05:172 INFO  HomePage :89 - Selecting currency : [[ChromeDriver: chrome on WINDOWS (3fed7d29210af910da48de64997002fa)] -> xpath: //span[contains(text(),'Currency')]]
2023-05-16 23:05:359 INFO  HomePage :65 - Mouse hovering on desktops link and click : [[ChromeDriver: chrome on WINDOWS (3fed7d29210af910da48de64997002fa)] -> link text: Desktops]
2023-05-16 23:05:318 INFO  HomePage :59 - Selecting menu : [[[ChromeDriver: chrome on WINDOWS (3fed7d29210af910da48de64997002fa)] -> xpath: //nav[@id='menu']//ul/li[contains(@class, 'open')]/div/child::*], [[ChromeDriver: chrome on WINDOWS (3fed7d29210af910da48de64997002fa)] -> xpath: //nav[@id='menu']//ul/li[contains(@class, 'open')]/div/child::*]]
2023-05-16 23:05:847 INFO  DesktopPage :79 - selecting sort by option : [[ChromeDriver: chrome on WINDOWS (3fed7d29210af910da48de64997002fa)] -> id: input-sort]
2023-05-16 23:05:487 INFO  DesktopPage :49 - Selecting product by name : [[[ChromeDriver: chrome on WINDOWS (3fed7d29210af910da48de64997002fa)] -> xpath: //h4/a], [[ChromeDriver: chrome on WINDOWS (3fed7d29210af910da48de64997002fa)] -> xpath: //h4/a], [[ChromeDriver: chrome on WINDOWS (3fed7d29210af910da48de64997002fa)] -> xpath: //h4/a], [[ChromeDriver: chrome on WINDOWS (3fed7d29210af910da48de64997002fa)] -> xpath: //h4/a], [[ChromeDriver: chrome on WINDOWS (3fed7d29210af910da48de64997002fa)] -> xpath: //h4/a], [[ChromeDriver: chrome on WINDOWS (3fed7d29210af910da48de64997002fa)] -> xpath: //h4/a], [[ChromeDriver: chrome on WINDOWS (3fed7d29210af910da48de64997002fa)] -> xpath: //h4/a], [[ChromeDriver: chrome on WINDOWS (3fed7d29210af910da48de64997002fa)] -> xpath: //h4/a], [[ChromeDriver: chrome on WINDOWS (3fed7d29210af910da48de64997002fa)] -> xpath: //h4/a], [[ChromeDriver: chrome on WINDOWS (3fed7d29210af910da48de64997002fa)] -> xpath: //h4/a], [[ChromeDriver: chrome on WINDOWS (3fed7d29210af910da48de64997002fa)] -> xpath: //h4/a], [[ChromeDriver: chrome on WINDOWS (3fed7d29210af910da48de64997002fa)] -> xpath: //h4/a]]
2023-05-16 23:05:531 INFO  ProductPage :62 - Getting product text : [[ChromeDriver: chrome on WINDOWS (3fed7d29210af910da48de64997002fa)] -> xpath: //div[@id = 'content']//h1]
2023-05-16 23:05:759 INFO  ProductPage :68 - Clicking on date picker : [[ChromeDriver: chrome on WINDOWS (3fed7d29210af910da48de64997002fa)] -> xpath: //div[@class = 'input-group date']//button]
2023-05-16 23:05:180 INFO  ProductPage :87 - Clicking on date : [[[ChromeDriver: chrome on WINDOWS (3fed7d29210af910da48de64997002fa)] -> xpath: //div[@class = 'datepicker']/div[1]//tbody/tr/td[@class = 'day']], [[ChromeDriver: chrome on WINDOWS (3fed7d29210af910da48de64997002fa)] -> xpath: //div[@class = 'datepicker']/div[1]//tbody/tr/td[@class = 'day']], [[ChromeDriver: chrome on WINDOWS (3fed7d29210af910da48de64997002fa)] -> xpath: //div[@class = 'datepicker']/div[1]//tbody/tr/td[@class = 'day']], [[ChromeDriver: chrome on WINDOWS (3fed7d29210af910da48de64997002fa)] -> xpath: //div[@class = 'datepicker']/div[1]//tbody/tr/td[@class = 'day']], [[ChromeDriver: chrome on WINDOWS (3fed7d29210af910da48de64997002fa)] -> xpath: //div[@class = 'datepicker']/div[1]//tbody/tr/td[@class = 'day']], [[ChromeDriver: chrome on WINDOWS (3fed7d29210af910da48de64997002fa)] -> xpath: //div[@class = 'datepicker']/div[1]//tbody/tr/td[@class = 'day']], [[ChromeDriver: chrome on WINDOWS (3fed7d29210af910da48de64997002fa)] -> xpath: //div[@class = 'datepicker']/div[1]//tbody/tr/td[@class = 'day']], [[ChromeDriver: chrome on WINDOWS (3fed7d29210af910da48de64997002fa)] -> xpath: //div[@class = 'datepicker']/div[1]//tbody/tr/td[@class = 'day']], [[ChromeDriver: chrome on WINDOWS (3fed7d29210af910da48de64997002fa)] -> xpath: //div[@class = 'datepicker']/div[1]//tbody/tr/td[@class = 'day']], [[ChromeDriver: chrome on WINDOWS (3fed7d29210af910da48de64997002fa)] -> xpath: //div[@class = 'datepicker']/div[1]//tbody/tr/td[@class = 'day']], [[ChromeDriver: chrome on WINDOWS (3fed7d29210af910da48de64997002fa)] -> xpath: //div[@class = 'datepicker']/div[1]//tbody/tr/td[@class = 'day']], [[ChromeDriver: chrome on WINDOWS (3fed7d29210af910da48de64997002fa)] -> xpath: //div[@class = 'datepicker']/div[1]//tbody/tr/td[@class = 'day']], [[ChromeDriver: chrome on WINDOWS (3fed7d29210af910da48de64997002fa)] -> xpath: //div[@class = 'datepicker']/div[1]//tbody/tr/td[@class = 'day']], [[ChromeDriver: chrome on WINDOWS (3fed7d29210af910da48de64997002fa)] -> xpath: //div[@class = 'datepicker']/div[1]//tbody/tr/td[@class = 'day']], [[ChromeDriver: chrome on WINDOWS (3fed7d29210af910da48de64997002fa)] -> xpath: //div[@class = 'datepicker']/div[1]//tbody/tr/td[@class = 'day']], [[ChromeDriver: chrome on WINDOWS (3fed7d29210af910da48de64997002fa)] -> xpath: //div[@class = 'datepicker']/div[1]//tbody/tr/td[@class = 'day']], [[ChromeDriver: chrome on WINDOWS (3fed7d29210af910da48de64997002fa)] -> xpath: //div[@class = 'datepicker']/div[1]//tbody/tr/td[@class = 'day']], [[ChromeDriver: chrome on WINDOWS (3fed7d29210af910da48de64997002fa)] -> xpath: //div[@class = 'datepicker']/div[1]//tbody/tr/td[@class = 'day']], [[ChromeDriver: chrome on WINDOWS (3fed7d29210af910da48de64997002fa)] -> xpath: //div[@class = 'datepicker']/div[1]//tbody/tr/td[@class = 'day']], [[ChromeDriver: chrome on WINDOWS (3fed7d29210af910da48de64997002fa)] -> xpath: //div[@class = 'datepicker']/div[1]//tbody/tr/td[@class = 'day']], [[ChromeDriver: chrome on WINDOWS (3fed7d29210af910da48de64997002fa)] -> xpath: //div[@class = 'datepicker']/div[1]//tbody/tr/td[@class = 'day']], [[ChromeDriver: chrome on WINDOWS (3fed7d29210af910da48de64997002fa)] -> xpath: //div[@class = 'datepicker']/div[1]//tbody/tr/td[@class = 'day']], [[ChromeDriver: chrome on WINDOWS (3fed7d29210af910da48de64997002fa)] -> xpath: //div[@class = 'datepicker']/div[1]//tbody/tr/td[@class = 'day']], [[ChromeDriver: chrome on WINDOWS (3fed7d29210af910da48de64997002fa)] -> xpath: //div[@class = 'datepicker']/div[1]//tbody/tr/td[@class = 'day']], [[ChromeDriver: chrome on WINDOWS (3fed7d29210af910da48de64997002fa)] -> xpath: //div[@class = 'datepicker']/div[1]//tbody/tr/td[@class = 'day']], [[ChromeDriver: chrome on WINDOWS (3fed7d29210af910da48de64997002fa)] -> xpath: //div[@class = 'datepicker']/div[1]//tbody/tr/td[@class = 'day']], [[ChromeDriver: chrome on WINDOWS (3fed7d29210af910da48de64997002fa)] -> xpath: //div[@class = 'datepicker']/div[1]//tbody/tr/td[@class = 'day']], [[ChromeDriver: chrome on WINDOWS (3fed7d29210af910da48de64997002fa)] -> xpath: //div[@class = 'datepicker']/div[1]//tbody/tr/td[@class = 'day']], [[ChromeDriver: chrome on WINDOWS (3fed7d29210af910da48de64997002fa)] -> xpath: //div[@class = 'datepicker']/div[1]//tbody/tr/td[@class = 'day']], [[ChromeDriver: chrome on WINDOWS (3fed7d29210af910da48de64997002fa)] -> xpath: //div[@class = 'datepicker']/div[1]//tbody/tr/td[@class = 'day']]]
2023-05-16 23:05:358 INFO  ProductPage :111 - Entering quantity : [[ChromeDriver: chrome on WINDOWS (3fed7d29210af910da48de64997002fa)] -> css selector: #input-quantity]
2023-05-16 23:05:449 INFO  ProductPage :93 - Clicking on add to cart button : [[ChromeDriver: chrome on WINDOWS (3fed7d29210af910da48de64997002fa)] -> xpath: //button[@id='button-cart']]
2023-05-16 23:05:59 INFO  ProductPage :98 - Getting product added success message : [[ChromeDriver: chrome on WINDOWS (3fed7d29210af910da48de64997002fa)] -> css selector: body:nth-child(2) div.container:nth-child(4) > div.alert.alert-success.alert-dismissible]
2023-05-16 23:05:548 INFO  ProductPage :104 - Clicking on shopping cart link into message : [[ChromeDriver: chrome on WINDOWS (3fed7d29210af910da48de64997002fa)] -> xpath: //a[contains(text(),'shopping cart')]]
2023-05-16 23:05:576 INFO  ShoppingCartPage :52 - Getting shopping cart text : [[ChromeDriver: chrome on WINDOWS (3fed7d29210af910da48de64997002fa)] -> xpath: //div[@id='content']//h1]
2023-05-16 23:05:634 INFO  ShoppingCartPage :57 - Getting product name : [[ChromeDriver: chrome on WINDOWS (3fed7d29210af910da48de64997002fa)] -> xpath: //div[@class = 'table-responsive']/table/tbody/tr/td[2]/a]
2023-05-16 23:05:666 INFO  ShoppingCartPage :62 - Getting delivery date : [[ChromeDriver: chrome on WINDOWS (3fed7d29210af910da48de64997002fa)] -> xpath: //div[@class = 'table-responsive']/table/tbody/tr/td[2]/small[1]]
2023-05-16 23:05:692 INFO  ShoppingCartPage :67 - Getting model : [[ChromeDriver: chrome on WINDOWS (3fed7d29210af910da48de64997002fa)] -> xpath: //div[@class = 'table-responsive']/table/tbody/tr/td[3]]
2023-05-16 23:05:714 INFO  ShoppingCartPage :72 - Getting total : [[ChromeDriver: chrome on WINDOWS (3fed7d29210af910da48de64997002fa)] -> xpath: //div[@class = 'table-responsive']/table/tbody/tr/td[6]]
2023-05-16 23:05:366 INFO  HomePage :70 - Mouse hovering on laptops and notebooks link and click : [[ChromeDriver: chrome on WINDOWS (8ac8ca46f0a6c12876b4be2fce7d91f8)] -> link text: Laptops & Notebooks]
2023-05-16 23:05:08 INFO  HomePage :59 - Selecting menu : [[[ChromeDriver: chrome on WINDOWS (8ac8ca46f0a6c12876b4be2fce7d91f8)] -> xpath: //nav[@id='menu']//ul/li[contains(@class, 'open')]/div/child::*], [[ChromeDriver: chrome on WINDOWS (8ac8ca46f0a6c12876b4be2fce7d91f8)] -> xpath: //nav[@id='menu']//ul/li[contains(@class, 'open')]/div/child::*]]
2023-05-16 23:05:792 INFO  HomePage :70 - Mouse hovering on laptops and notebooks link and click : [[ChromeDriver: chrome on WINDOWS (926732fc0a489a430cb58b980b5c6c83)] -> link text: Laptops & Notebooks]
2023-05-16 23:05:606 INFO  HomePage :59 - Selecting menu : [[[ChromeDriver: chrome on WINDOWS (926732fc0a489a430cb58b980b5c6c83)] -> xpath: //nav[@id='menu']//ul/li[contains(@class, 'open')]/div/child::*], [[ChromeDriver: chrome on WINDOWS (926732fc0a489a430cb58b980b5c6c83)] -> xpath: //nav[@id='menu']//ul/li[contains(@class, 'open')]/div/child::*]]
2023-05-16 23:05:712 INFO  DesktopPage :79 - selecting sort by option : [[ChromeDriver: chrome on WINDOWS (926732fc0a489a430cb58b980b5c6c83)] -> id: input-sort]
2023-05-16 23:05:592 INFO  LaptopAndNotebookPage :94 - Selecting product by name : [[[ChromeDriver: chrome on WINDOWS (926732fc0a489a430cb58b980b5c6c83)] -> xpath: //h4/a], [[ChromeDriver: chrome on WINDOWS (926732fc0a489a430cb58b980b5c6c83)] -> xpath: //h4/a], [[ChromeDriver: chrome on WINDOWS (926732fc0a489a430cb58b980b5c6c83)] -> xpath: //h4/a], [[ChromeDriver: chrome on WINDOWS (926732fc0a489a430cb58b980b5c6c83)] -> xpath: //h4/a], [[ChromeDriver: chrome on WINDOWS (926732fc0a489a430cb58b980b5c6c83)] -> xpath: //h4/a]]
2023-05-16 23:05:625 INFO  ProductPage :62 - Getting product text : [[ChromeDriver: chrome on WINDOWS (926732fc0a489a430cb58b980b5c6c83)] -> xpath: //div[@id = 'content']//h1]
2023-05-16 23:05:790 INFO  ProductPage :93 - Clicking on add to cart button : [[ChromeDriver: chrome on WINDOWS (926732fc0a489a430cb58b980b5c6c83)] -> xpath: //button[@id='button-cart']]
2023-05-16 23:05:65 INFO  ProductPage :98 - Getting product added success message : [[ChromeDriver: chrome on WINDOWS (926732fc0a489a430cb58b980b5c6c83)] -> css selector: body:nth-child(2) div.container:nth-child(4) > div.alert.alert-success.alert-dismissible]
2023-05-16 23:05:508 INFO  ProductPage :104 - Clicking on shopping cart link into message : [[ChromeDriver: chrome on WINDOWS (926732fc0a489a430cb58b980b5c6c83)] -> xpath: //a[contains(text(),'shopping cart')]]
2023-05-16 23:05:542 INFO  ShoppingCartPage :52 - Getting shopping cart text : [[ChromeDriver: chrome on WINDOWS (926732fc0a489a430cb58b980b5c6c83)] -> xpath: //div[@id='content']//h1]
2023-05-16 23:05:594 INFO  ShoppingCartPage :57 - Getting product name : [[ChromeDriver: chrome on WINDOWS (926732fc0a489a430cb58b980b5c6c83)] -> xpath: //div[@class = 'table-responsive']/table/tbody/tr/td[2]/a]
2023-05-16 23:05:791 INFO  ShoppingCartPage :79 - Changing quantity : [[ChromeDriver: chrome on WINDOWS (926732fc0a489a430cb58b980b5c6c83)] -> xpath: //input[contains(@name, 'quantity')]]
2023-05-16 23:05:562 INFO  ShoppingCartPage :85 - Clicking on quantity update button : [[ChromeDriver: chrome on WINDOWS (926732fc0a489a430cb58b980b5c6c83)] -> xpath: //button[contains(@data-original-title, 'Update')]]
2023-05-16 23:05:597 INFO  ShoppingCartPage :90 - Getting success modified message : [[ChromeDriver: chrome on WINDOWS (926732fc0a489a430cb58b980b5c6c83)] -> xpath: //div[@id='checkout-cart']/div[1]]
2023-05-16 23:05:638 INFO  ShoppingCartPage :72 - Getting total : [[ChromeDriver: chrome on WINDOWS (926732fc0a489a430cb58b980b5c6c83)] -> xpath: //div[@class = 'table-responsive']/table/tbody/tr/td[6]]
2023-05-16 23:05:547 INFO  HomePage :65 - Mouse hovering on desktops link and click : [[ChromeDriver: chrome on WINDOWS (96e6c8308f75bd50de3052d40d64292d)] -> link text: Desktops]
2023-05-16 23:05:667 INFO  HomePage :59 - Selecting menu : [[[ChromeDriver: chrome on WINDOWS (96e6c8308f75bd50de3052d40d64292d)] -> xpath: //nav[@id='menu']//ul/li[contains(@class, 'open')]/div/child::*], [[ChromeDriver: chrome on WINDOWS (96e6c8308f75bd50de3052d40d64292d)] -> xpath: //nav[@id='menu']//ul/li[contains(@class, 'open')]/div/child::*]]
2023-05-16 23:05:697 INFO  DesktopPage :36 - Getting desktops text : [[ChromeDriver: chrome on WINDOWS (96e6c8308f75bd50de3052d40d64292d)] -> xpath: //h2[contains(text(),'Desktops')]]
2023-05-16 23:05:375 INFO  HomePage :70 - Mouse hovering on laptops and notebooks link and click : [[ChromeDriver: chrome on WINDOWS (a137889c7641b963a8668eb9941facd5)] -> link text: Laptops & Notebooks]
2023-05-16 23:05:119 INFO  HomePage :59 - Selecting menu : [[[ChromeDriver: chrome on WINDOWS (a137889c7641b963a8668eb9941facd5)] -> xpath: //nav[@id='menu']//ul/li[contains(@class, 'open')]/div/child::*], [[ChromeDriver: chrome on WINDOWS (a137889c7641b963a8668eb9941facd5)] -> xpath: //nav[@id='menu']//ul/li[contains(@class, 'open')]/div/child::*]]
2023-05-16 23:05:147 INFO  LaptopAndNotebookPage :42 - Getting laptops and notebooks text : [[ChromeDriver: chrome on WINDOWS (a137889c7641b963a8668eb9941facd5)] -> xpath: //h2[contains(text(),'Laptops & Notebooks')]]
2023-05-16 23:05:949 INFO  HomePage :76 - Mouse hovering on components link and click : [[ChromeDriver: chrome on WINDOWS (64c4fa8eb281ff5b96d9b28b155cec62)] -> link text: Components]
2023-05-16 23:05:683 INFO  HomePage :59 - Selecting menu : [[[ChromeDriver: chrome on WINDOWS (64c4fa8eb281ff5b96d9b28b155cec62)] -> xpath: //nav[@id='menu']//ul/li[contains(@class, 'open')]/div/child::*], [[ChromeDriver: chrome on WINDOWS (64c4fa8eb281ff5b96d9b28b155cec62)] -> xpath: //nav[@id='menu']//ul/li[contains(@class, 'open')]/div/child::*]]
2023-05-16 23:05:709 INFO  ComponentsPage :24 - Getting components text : [[ChromeDriver: chrome on WINDOWS (64c4fa8eb281ff5b96d9b28b155cec62)] -> xpath: //h2[contains(text(),'Components')]]
2023-05-16 23:05:222 INFO  HomePage :70 - Mouse hovering on laptops and notebooks link and click : [[ChromeDriver: chrome on WINDOWS (80adb717496f8e45b5c9a6b7e55d7538)] -> link text: Laptops & Notebooks]
2023-05-16 23:05:986 INFO  HomePage :59 - Selecting menu : [[[ChromeDriver: chrome on WINDOWS (80adb717496f8e45b5c9a6b7e55d7538)] -> xpath: //nav[@id='menu']//ul/li[contains(@class, 'open')]/div/child::*], [[ChromeDriver: chrome on WINDOWS (80adb717496f8e45b5c9a6b7e55d7538)] -> xpath: //nav[@id='menu']//ul/li[contains(@class, 'open')]/div/child::*]]
2023-05-16 23:05:554 INFO  DesktopPage :79 - selecting sort by option : [[ChromeDriver: chrome on WINDOWS (80adb717496f8e45b5c9a6b7e55d7538)] -> id: input-sort]
2023-05-16 23:05:661 INFO  LaptopAndNotebookPage :53 - Getting products price list : [[[ChromeDriver: chrome on WINDOWS (80adb717496f8e45b5c9a6b7e55d7538)] -> xpath: //p[@class ='price']], [[ChromeDriver: chrome on WINDOWS (80adb717496f8e45b5c9a6b7e55d7538)] -> xpath: //p[@class ='price']], [[ChromeDriver: chrome on WINDOWS (80adb717496f8e45b5c9a6b7e55d7538)] -> xpath: //p[@class ='price']], [[ChromeDriver: chrome on WINDOWS (80adb717496f8e45b5c9a6b7e55d7538)] -> xpath: //p[@class ='price']], [[ChromeDriver: chrome on WINDOWS (80adb717496f8e45b5c9a6b7e55d7538)] -> xpath: //p[@class ='price']]]
2023-05-16 23:05:733 INFO  LaptopAndNotebookPage :83 - Selecting sort by option : [[ChromeDriver: chrome on WINDOWS (80adb717496f8e45b5c9a6b7e55d7538)] -> id: input-sort]
2023-05-16 23:05:795 INFO  LaptopAndNotebookPage :53 - Getting products price list : [[[ChromeDriver: chrome on WINDOWS (80adb717496f8e45b5c9a6b7e55d7538)] -> xpath: //p[@class ='price']], [[ChromeDriver: chrome on WINDOWS (80adb717496f8e45b5c9a6b7e55d7538)] -> xpath: //p[@class ='price']], [[ChromeDriver: chrome on WINDOWS (80adb717496f8e45b5c9a6b7e55d7538)] -> xpath: //p[@class ='price']], [[ChromeDriver: chrome on WINDOWS (80adb717496f8e45b5c9a6b7e55d7538)] -> xpath: //p[@class ='price']], [[ChromeDriver: chrome on WINDOWS (80adb717496f8e45b5c9a6b7e55d7538)] -> xpath: //p[@class ='price']]]
2023-05-16 23:05:598 INFO  HomePage :70 - Mouse hovering on laptops and notebooks link and click : [[ChromeDriver: chrome on WINDOWS (8a411af575156429485a01b395a20a21)] -> link text: Laptops & Notebooks]
2023-05-16 23:05:373 INFO  HomePage :59 - Selecting menu : [[[ChromeDriver: chrome on WINDOWS (8a411af575156429485a01b395a20a21)] -> xpath: //nav[@id='menu']//ul/li[contains(@class, 'open')]/div/child::*], [[ChromeDriver: chrome on WINDOWS (8a411af575156429485a01b395a20a21)] -> xpath: //nav[@id='menu']//ul/li[contains(@class, 'open')]/div/child::*]]
2023-05-16 23:05:465 INFO  DesktopPage :79 - selecting sort by option : [[ChromeDriver: chrome on WINDOWS (8a411af575156429485a01b395a20a21)] -> id: input-sort]
2023-05-16 23:05:463 INFO  LaptopAndNotebookPage :94 - Selecting product by name : [[[ChromeDriver: chrome on WINDOWS (8a411af575156429485a01b395a20a21)] -> xpath: //h4/a], [[ChromeDriver: chrome on WINDOWS (8a411af575156429485a01b395a20a21)] -> xpath: //h4/a], [[ChromeDriver: chrome on WINDOWS (8a411af575156429485a01b395a20a21)] -> xpath: //h4/a], [[ChromeDriver: chrome on WINDOWS (8a411af575156429485a01b395a20a21)] -> xpath: //h4/a], [[ChromeDriver: chrome on WINDOWS (8a411af575156429485a01b395a20a21)] -> xpath: //h4/a]]
2023-05-16 23:05:516 INFO  ProductPage :62 - Getting product text : [[ChromeDriver: chrome on WINDOWS (8a411af575156429485a01b395a20a21)] -> xpath: //div[@id = 'content']//h1]
2023-05-16 23:05:768 INFO  ProductPage :93 - Clicking on add to cart button : [[ChromeDriver: chrome on WINDOWS (8a411af575156429485a01b395a20a21)] -> xpath: //button[@id='button-cart']]
2023-05-16 23:05:66 INFO  ProductPage :98 - Getting product added success message : [[ChromeDriver: chrome on WINDOWS (8a411af575156429485a01b395a20a21)] -> css selector: body:nth-child(2) div.container:nth-child(4) > div.alert.alert-success.alert-dismissible]
2023-05-16 23:05:553 INFO  ProductPage :104 - Clicking on shopping cart link into message : [[ChromeDriver: chrome on WINDOWS (8a411af575156429485a01b395a20a21)] -> xpath: //a[contains(text(),'shopping cart')]]
2023-05-16 23:05:592 INFO  ShoppingCartPage :52 - Getting shopping cart text : [[ChromeDriver: chrome on WINDOWS (8a411af575156429485a01b395a20a21)] -> xpath: //div[@id='content']//h1]
2023-05-16 23:05:633 INFO  ShoppingCartPage :57 - Getting product name : [[ChromeDriver: chrome on WINDOWS (8a411af575156429485a01b395a20a21)] -> xpath: //div[@class = 'table-responsive']/table/tbody/tr/td[2]/a]
2023-05-16 23:05:783 INFO  ShoppingCartPage :79 - Changing quantity : [[ChromeDriver: chrome on WINDOWS (8a411af575156429485a01b395a20a21)] -> xpath: //input[contains(@name, 'quantity')]]
2023-05-16 23:05:504 INFO  ShoppingCartPage :85 - Clicking on quantity update button : [[ChromeDriver: chrome on WINDOWS (8a411af575156429485a01b395a20a21)] -> xpath: //button[contains(@data-original-title, 'Update')]]
2023-05-16 23:05:544 INFO  ShoppingCartPage :90 - Getting success modified message : [[ChromeDriver: chrome on WINDOWS (8a411af575156429485a01b395a20a21)] -> xpath: //div[@id='checkout-cart']/div[1]]
2023-05-16 23:05:587 INFO  ShoppingCartPage :72 - Getting total : [[ChromeDriver: chrome on WINDOWS (8a411af575156429485a01b395a20a21)] -> xpath: //div[@class = 'table-responsive']/table/tbody/tr/td[6]]
